fatal: ambiguous argument 'Deployment': unknown revision or path not in the working tree.
Use '--' to separate paths from revisions, like this:
'git <command> [<revision>...] -- [<file>...]'
/home/meli/expressExample/deploy.sh: line 14: syntax error: unexpected end of file
There is no updates on ExpressExample Deployment
There is no updates on ExpressExample Deployment
There is no updates on ExpressExample Deployment
There is no updates on ExpressExample Deployment
There is no updates on ExpressExample Deployment
There is no updates on ExpressExample Deployment
There is no updates on ExpressExample Deployment
There is no updates on ExpressExample Deployment
There is no updates on ExpressExample Deployment
There is no updates on ExpressExample Deployment
There is no updates on ExpressExample Deployment
There is no updates on ExpressExample Deployment
There is no updates on ExpressExample Deployment
There is no updates on ExpressExample Deployment
There is no updates on ExpressExample Deployment
There is no updates on ExpressExample Deployment
There is no updates on ExpressExample Deployment
There is no updates on ExpressExample Deployment
[date] There is no changes on Deployment branch
Your branch is up to date with 'origin/Deployment'.
[date] There is no changes on Deployment branch
[date] There is no changes on Deployment branch
[Tue May 13 06:35:00 PM CST 2025] There is no changes on Deployment branch
Your branch is up to date with 'origin/Deployment'.
[Tue May 13 06:35:01 PM CST 2025] There is no changes on Deployment branch
Your branch is up to date with 'origin/Deployment'.
[Tue May 13 06:36:02 PM CST 2025] There is no changes on Deployment branch
Your branch is up to date with 'origin/Deployment'.
[Tue May 13 06:37:01 PM CST 2025] There is no changes on Deployment branch
Your branch is up to date with 'origin/Deployment'.
[Tue May 13 06:38:02 PM CST 2025] There is no changes on Deployment branch
